// Jest Snapshot v1, https://goo.gl/fbAQLP

exports[`Snapshot test 1`] = `
Object {
  "asFragment": [Function],
  "baseElement": <body>
    <div>
      <section
        class="Container"
        id="themes"
      >
        <div
          class="Container undefined"
        >
          <h1>
            <span>
              #
            </span>
             
            <span
              style="color: rgb(7, 37, 58);"
            >
              Themes
            </span>
          </h1>
          <div
            class="TextContainer"
          >
            <div
              class="PendContainer"
            >
              <div
                class="Bar"
                style="background-color: rgb(7, 37, 58); height: 0vh; opacity: 0;"
              />
              <div
                class="Box"
                style="background-color: rgb(7, 37, 58);"
              />
            </div>
            <div
              class="children"
            >
              <div
                class="TimeContainer"
              >
                <h1>
                  Themes Will Be Revealed In!
                </h1>
                <div
                  class="TimeBar"
                >
                  <div>
                    <p>
                      0
                    </p>
                    <p>
                      Days
                    </p>
                  </div>
                  <div
                    class="Dots"
                  >
                    :
                  </div>
                  <div>
                    <p>
                      16
                    </p>
                    <p>
                      Hours
                    </p>
                  </div>
                  <div
                    class="Dots"
                  >
                    :
                  </div>
                  <div>
                    <p>
                      45
                    </p>
                    <p>
                      Mins
                    </p>
                  </div>
                  <div
                    class="Dots"
                  >
                    :
                  </div>
                  <div>
                    <p>
                      37
                    </p>
                    <p>
                      Seconds
                    </p>
                  </div>
                </div>
              </div>
            </div>
          </div>
        </div>
      </section>
    </div>
  </body>,
  "container": <div>
    <section
      class="Container"
      id="themes"
    >
      <div
        class="Container undefined"
      >
        <h1>
          <span>
            #
          </span>
           
          <span
            style="color: rgb(7, 37, 58);"
          >
            Themes
          </span>
        </h1>
        <div
          class="TextContainer"
        >
          <div
            class="PendContainer"
          >
            <div
              class="Bar"
              style="background-color: rgb(7, 37, 58); height: 0vh; opacity: 0;"
            />
            <div
              class="Box"
              style="background-color: rgb(7, 37, 58);"
            />
          </div>
          <div
            class="children"
          >
            <div
              class="TimeContainer"
            >
              <h1>
                Themes Will Be Revealed In!
              </h1>
              <div
                class="TimeBar"
              >
                <div>
                  <p>
                    0
                  </p>
                  <p>
                    Days
                  </p>
                </div>
                <div
                  class="Dots"
                >
                  :
                </div>
                <div>
                  <p>
                    16
                  </p>
                  <p>
                    Hours
                  </p>
                </div>
                <div
                  class="Dots"
                >
                  :
                </div>
                <div>
                  <p>
                    45
                  </p>
                  <p>
                    Mins
                  </p>
                </div>
                <div
                  class="Dots"
                >
                  :
                </div>
                <div>
                  <p>
                    37
                  </p>
                  <p>
                    Seconds
                  </p>
                </div>
              </div>
            </div>
          </div>
        </div>
      </div>
    </section>
  </div>,
  "debug": [Function],
  "findAllByAltText": [Function],
  "findAllByDisplayValue": [Function],
  "findAllByLabelText": [Function],
  "findAllByPlaceholderText": [Function],
  "findAllByRole": [Function],
  "findAllByTestId": [Function],
  "findAllByText": [Function],
  "findAllByTitle": [Function],
  "findByAltText": [Function],
  "findByDisplayValue": [Function],
  "findByLabelText": [Function],
  "findByPlaceholderText": [Function],
  "findByRole": [Function],
  "findByTestId": [Function],
  "findByText": [Function],
  "findByTitle": [Function],
  "getAllByAltText": [Function],
  "getAllByDisplayValue": [Function],
  "getAllByLabelText": [Function],
  "getAllByPlaceholderText": [Function],
  "getAllByRole": [Function],
  "getAllByTestId": [Function],
  "getAllByText": [Function],
  "getAllByTitle": [Function],
  "getByAltText": [Function],
  "getByDisplayValue": [Function],
  "getByLabelText": [Function],
  "getByPlaceholderText": [Function],
  "getByRole": [Function],
  "getByTestId": [Function],
  "getByText": [Function],
  "getByTitle": [Function],
  "queryAllByAltText": [Function],
  "queryAllByDisplayValue": [Function],
  "queryAllByLabelText": [Function],
  "queryAllByPlaceholderText": [Function],
  "queryAllByRole": [Function],
  "queryAllByTestId": [Function],
  "queryAllByText": [Function],
  "queryAllByTitle": [Function],
  "queryByAltText": [Function],
  "queryByDisplayValue": [Function],
  "queryByLabelText": [Function],
  "queryByPlaceholderText": [Function],
  "queryByRole": [Function],
  "queryByTestId": [Function],
  "queryByText": [Function],
  "queryByTitle": [Function],
  "rerender": [Function],
  "unmount": [Function],
}
`;
